// Jest Snapshot v1, https://goo.gl/fbAQLP

exports[`History 1`] = `
<div
  className="pb-4 container"
>
  <h1
    className="text-center py-4 css-1aylpg"
  >
    Search history
  </h1>
  <div
    className="container"
  >
    <button
      aria-label={null}
      className="btn btn-secondary"
      onClick={[Function]}
      type="button"
    >
      Clear
    </button>
  </div>
</div>
`;
