// Jest Snapshot v1, https://goo.gl/fbAQLP

exports[`header 1`] = `
<div>
  <nav
    className="navbar navbar-expand-md navbar-light bg-light"
  >
    <a
      aria-current="page"
      className="navbar-brand active"
      href="/"
      onClick={[Function]}
      style={Object {}}
    >
      GoWeather
    </a>
    <button
      className="navbar-toggler"
      onClick={[Function]}
      type="button"
    >
      <span
        className="navbar-toggler-icon"
      />
    </button>
    <div
      className="collapse navbar-collapse"
      style={Object {}}
    >
      <ul
        className="ml-auto navbar-nav"
      >
        <li
          className="nav-item"
        >
          <a
            aria-current={null}
            className="nav-link"
            href="/history"
            onClick={[Function]}
            style={undefined}
          >
            History
          </a>
        </li>
        <li
          className="nav-item"
        >
          <a
            aria-current={null}
            className="nav-link disabled"
            href="/"
            onClick={[Function]}
            style={undefined}
          >
            About
          </a>
        </li>
        <li
          className="nav-item"
        >
          <a
            aria-current={null}
            className="nav-link disabled"
            href="/"
            onClick={[Function]}
            style={undefined}
          >
            Log in
          </a>
        </li>
      </ul>
    </div>
  </nav>
</div>
`;
